// Validating benchmarks:
// ***** BenchmarkRunner: Start   *****
// ***** Found 2 benchmark(s) in total *****
// ***** Building 1 exe(s) in Parallel: Start   *****
// start dotnet  restore --nodeReuse:false /p:UseSharedCompilation=false /p:Deterministic=true /p:Optimize=true /p:ArtifactsPath="D:\Elmah.io\EfCoreBenchmarkDemo\ApiBenchmarks\bin\Release\net10.0\ApiBenchmarks-DefaultJob-1/" /p:OutDir="D:\Elmah.io\EfCoreBenchmarkDemo\ApiBenchmarks\bin\Release\net10.0\ApiBenchmarks-DefaultJob-1\bin\Release\net10.0/" /p:OutputPath="D:\Elmah.io\EfCoreBenchmarkDemo\ApiBenchmarks\bin\Release\net10.0\ApiBenchmarks-DefaultJob-1\bin\Release\net10.0/" /p:PublishDir="D:\Elmah.io\EfCoreBenchmarkDemo\ApiBenchmarks\bin\Release\net10.0\ApiBenchmarks-DefaultJob-1\publish/" in D:\Elmah.io\EfCoreBenchmarkDemo\ApiBenchmarks\bin\Release\net10.0\ApiBenchmarks-DefaultJob-1
// command took 4.2 sec and exited with 0
// start dotnet  build -c Release --no-restore --nodeReuse:false /p:UseSharedCompilation=false /p:Deterministic=true /p:Optimize=true /p:ArtifactsPath="D:\Elmah.io\EfCoreBenchmarkDemo\ApiBenchmarks\bin\Release\net10.0\ApiBenchmarks-DefaultJob-1/" /p:OutDir="D:\Elmah.io\EfCoreBenchmarkDemo\ApiBenchmarks\bin\Release\net10.0\ApiBenchmarks-DefaultJob-1\bin\Release\net10.0/" /p:OutputPath="D:\Elmah.io\EfCoreBenchmarkDemo\ApiBenchmarks\bin\Release\net10.0\ApiBenchmarks-DefaultJob-1\bin\Release\net10.0/" /p:PublishDir="D:\Elmah.io\EfCoreBenchmarkDemo\ApiBenchmarks\bin\Release\net10.0\ApiBenchmarks-DefaultJob-1\publish/" --output "D:\Elmah.io\EfCoreBenchmarkDemo\ApiBenchmarks\bin\Release\net10.0\ApiBenchmarks-DefaultJob-1\bin\Release\net10.0/" in D:\Elmah.io\EfCoreBenchmarkDemo\ApiBenchmarks\bin\Release\net10.0\ApiBenchmarks-DefaultJob-1
// command took 17.19 sec and exited with 0
// ***** Done, took 00:00:21 (21.57 sec)   *****
// Found 2 benchmarks:
//   ApiBenchmarks.Net8_EFCore8: DefaultJob
//   ApiBenchmarks.Net10_EFCore10: DefaultJob

Setup power plan (GUID: 8c5e7fda-e8bf-4a96-9a85-a6e23a8c635c FriendlyName: High performance)
// **************************
// Benchmark: ApiBenchmarks.Net8_EFCore8: DefaultJob
// *** Execute ***
// Launch: 1 / 1
// Execute: dotnet ApiBenchmarks-DefaultJob-1.dll --anonymousPipes 1556 1532 --benchmarkName DefaultNamespace.ApiBenchmarks.Net8_EFCore8 --job Default --benchmarkId 0 in D:\Elmah.io\EfCoreBenchmarkDemo\ApiBenchmarks\bin\Release\net10.0\ApiBenchmarks-DefaultJob-1\bin\Release\net10.0
// BeforeAnythingElse

// Benchmark Process Environment Information:
// BenchmarkDotNet v0.15.8
// Runtime=.NET 10.0.0 (10.0.0, 10.0.25.52411), X64 RyuJIT x86-64-v3
// GC=Concurrent Workstation
// HardwareIntrinsics=AVX2+BMI1+BMI2+F16C+FMA+LZCNT+MOVBE,AVX,SSE3+SSSE3+SSE4.1+SSE4.2+POPCNT,X86Base+SSE+SSE2,AES+PCLMUL VectorSize=256
// Job: DefaultJob

OverheadJitting  1: 1 op, 400900.00 ns, 400.9000 us/op

System.Reflection.TargetInvocationException: Exception has been thrown by the target of an invocation.
 ---> System.Net.Http.HttpRequestException: Response status code does not indicate success: 500 (Internal Server Error).
   at System.Net.Http.HttpResponseMessage.EnsureSuccessStatusCode()
   at System.Net.Http.Json.HttpClientJsonExtensions.<FromJsonAsyncCore>g__Core|12_0[TValue,TJsonOptions](HttpClient client, Task`1 responseTask, Boolean usingResponseHeadersRead, CancellationTokenSource linkedCTS, Func`4 deserializeMethod, TJsonOptions jsonOptions, CancellationToken cancellationToken)
   at DefaultNamespace.ApiBenchmarks.Net8_EFCore8() in D:\Elmah.io\EfCoreBenchmarkDemo\ApiBenchmarks\ApiBenchmarks.cs:line 18
   at BenchmarkDotNet.Helpers.AwaitHelper.GetResult(Task task)
   at BenchmarkDotNet.Autogenerated.Runnable_0.<.ctor>b__3_4() in D:\Elmah.io\EfCoreBenchmarkDemo\ApiBenchmarks\bin\Release\net10.0\ApiBenchmarks-DefaultJob-1\ApiBenchmarks-DefaultJob-1.notcs:line 197
   at BenchmarkDotNet.Autogenerated.Runnable_0.WorkloadActionNoUnroll(Int64 invokeCount) in D:\Elmah.io\EfCoreBenchmarkDemo\ApiBenchmarks\bin\Release\net10.0\ApiBenchmarks-DefaultJob-1\ApiBenchmarks-DefaultJob-1.notcs:line 311
   at BenchmarkDotNet.Engines.Engine.Measure(Action`1 action, Int64 invokeCount)
   at BenchmarkDotNet.Engines.Engine.RunIteration(IterationData data)
   at BenchmarkDotNet.Engines.EngineFactory.Jit(Engine engine, Int32 jitIndex, Int32 invokeCount, Int32 unrollFactor)
   at BenchmarkDotNet.Engines.EngineFactory.CreateReadyToRun(EngineParameters engineParameters)
   at BenchmarkDotNet.Autogenerated.Runnable_0.Run(IHost host, String benchmarkName) in D:\Elmah.io\EfCoreBenchmarkDemo\ApiBenchmarks\bin\Release\net10.0\ApiBenchmarks-DefaultJob-1\ApiBenchmarks-DefaultJob-1.notcs:line 176
   at System.Reflection.MethodBaseInvoker.InterpretedInvoke_Method(Object obj, IntPtr* args)
   at System.Reflection.MethodBaseInvoker.InvokeDirectByRefWithFewArgs(Object obj, Span`1 copyOfArgs, BindingFlags invokeAttr)
   --- End of inner exception stack trace ---
   at System.Reflection.MethodBaseInvoker.InvokeDirectByRefWithFewArgs(Object obj, Span`1 copyOfArgs, BindingFlags invokeAttr)
   at System.Reflection.MethodBaseInvoker.InvokeWithFewArgs(Object obj, BindingFlags invokeAttr, Binder binder, Object[] parameters, CultureInfo culture)
   at System.Reflection.RuntimeMethodInfo.Invoke(Object obj, BindingFlags invokeAttr, Binder binder, Object[] parameters, CultureInfo culture)
   at System.Reflection.MethodBase.Invoke(Object obj, Object[] parameters)
   at BenchmarkDotNet.Autogenerated.UniqueProgramName.AfterAssemblyLoadingAttached(String[] args) in D:\Elmah.io\EfCoreBenchmarkDemo\ApiBenchmarks\bin\Release\net10.0\ApiBenchmarks-DefaultJob-1\ApiBenchmarks-DefaultJob-1.notcs:line 57
// AfterAll
No Workload Results were obtained from the run.
// Benchmark Process 20128 has exited with code -1.

// ** Remained 1 (50.0%) benchmark(s) to run. Estimated finish 2025-12-26 22:49 (0h 0m from now) **
Setup power plan (GUID: 8c5e7fda-e8bf-4a96-9a85-a6e23a8c635c FriendlyName: High performance)
// **************************
// Benchmark: ApiBenchmarks.Net10_EFCore10: DefaultJob
// *** Execute ***
// Launch: 1 / 1
// Execute: dotnet ApiBenchmarks-DefaultJob-1.dll --anonymousPipes 1592 660 --benchmarkName DefaultNamespace.ApiBenchmarks.Net10_EFCore10 --job Default --benchmarkId 1 in D:\Elmah.io\EfCoreBenchmarkDemo\ApiBenchmarks\bin\Release\net10.0\ApiBenchmarks-DefaultJob-1\bin\Release\net10.0
// BeforeAnythingElse

// Benchmark Process Environment Information:
// BenchmarkDotNet v0.15.8
// Runtime=.NET 10.0.0 (10.0.0, 10.0.25.52411), X64 RyuJIT x86-64-v3
// GC=Concurrent Workstation
// HardwareIntrinsics=AVX2+BMI1+BMI2+F16C+FMA+LZCNT+MOVBE,AVX,SSE3+SSSE3+SSE4.1+SSE4.2+POPCNT,X86Base+SSE+SSE2,AES+PCLMUL VectorSize=256
// Job: DefaultJob

OverheadJitting  1: 1 op, 312300.00 ns, 312.3000 us/op

System.Reflection.TargetInvocationException: Exception has been thrown by the target of an invocation.
 ---> System.Net.Http.HttpRequestException: Response status code does not indicate success: 500 (Internal Server Error).
   at System.Net.Http.HttpResponseMessage.EnsureSuccessStatusCode()
   at System.Net.Http.Json.HttpClientJsonExtensions.<FromJsonAsyncCore>g__Core|12_0[TValue,TJsonOptions](HttpClient client, Task`1 responseTask, Boolean usingResponseHeadersRead, CancellationTokenSource linkedCTS, Func`4 deserializeMethod, TJsonOptions jsonOptions, CancellationToken cancellationToken)
   at DefaultNamespace.ApiBenchmarks.Net10_EFCore10() in D:\Elmah.io\EfCoreBenchmarkDemo\ApiBenchmarks\ApiBenchmarks.cs:line 24
   at BenchmarkDotNet.Helpers.AwaitHelper.GetResult(Task task)
   at BenchmarkDotNet.Autogenerated.Runnable_1.<.ctor>b__3_4() in D:\Elmah.io\EfCoreBenchmarkDemo\ApiBenchmarks\bin\Release\net10.0\ApiBenchmarks-DefaultJob-1\ApiBenchmarks-DefaultJob-1.notcs:line 389
   at BenchmarkDotNet.Autogenerated.Runnable_1.WorkloadActionNoUnroll(Int64 invokeCount) in D:\Elmah.io\EfCoreBenchmarkDemo\ApiBenchmarks\bin\Release\net10.0\ApiBenchmarks-DefaultJob-1\ApiBenchmarks-DefaultJob-1.notcs:line 503
   at BenchmarkDotNet.Engines.Engine.Measure(Action`1 action, Int64 invokeCount)
   at BenchmarkDotNet.Engines.Engine.RunIteration(IterationData data)
   at BenchmarkDotNet.Engines.EngineFactory.Jit(Engine engine, Int32 jitIndex, Int32 invokeCount, Int32 unrollFactor)
   at BenchmarkDotNet.Engines.EngineFactory.CreateReadyToRun(EngineParameters engineParameters)
   at BenchmarkDotNet.Autogenerated.Runnable_1.Run(IHost host, String benchmarkName) in D:\Elmah.io\EfCoreBenchmarkDemo\ApiBenchmarks\bin\Release\net10.0\ApiBenchmarks-DefaultJob-1\ApiBenchmarks-DefaultJob-1.notcs:line 368
   at System.Reflection.MethodBaseInvoker.InterpretedInvoke_Method(Object obj, IntPtr* args)
   at System.Reflection.MethodBaseInvoker.InvokeDirectByRefWithFewArgs(Object obj, Span`1 copyOfArgs, BindingFlags invokeAttr)
   --- End of inner exception stack trace ---
   at System.Reflection.MethodBaseInvoker.InvokeDirectByRefWithFewArgs(Object obj, Span`1 copyOfArgs, BindingFlags invokeAttr)
   at System.Reflection.MethodBaseInvoker.InvokeWithFewArgs(Object obj, BindingFlags invokeAttr, Binder binder, Object[] parameters, CultureInfo culture)
   at System.Reflection.RuntimeMethodInfo.Invoke(Object obj, BindingFlags invokeAttr, Binder binder, Object[] parameters, CultureInfo culture)
   at System.Reflection.MethodBase.Invoke(Object obj, Object[] parameters)
   at BenchmarkDotNet.Autogenerated.UniqueProgramName.AfterAssemblyLoadingAttached(String[] args) in D:\Elmah.io\EfCoreBenchmarkDemo\ApiBenchmarks\bin\Release\net10.0\ApiBenchmarks-DefaultJob-1\ApiBenchmarks-DefaultJob-1.notcs:line 57
// AfterAll
No Workload Results were obtained from the run.
// Benchmark Process 18596 has exited with code -1.

// ** Remained 0 (0.0%) benchmark(s) to run. Estimated finish 2025-12-26 22:49 (0h 0m from now) **
Successfully reverted power plan (GUID: 381b4222-f694-41f0-9685-ff5bb260df2e FriendlyName: Balanced)
// ***** BenchmarkRunner: Finish  *****

// * Export *
  BenchmarkDotNet.Artifacts\results\DefaultNamespace.ApiBenchmarks-report.csv
  BenchmarkDotNet.Artifacts\results\DefaultNamespace.ApiBenchmarks-report-github.md
  BenchmarkDotNet.Artifacts\results\DefaultNamespace.ApiBenchmarks-report.html

// * Detailed results *
ApiBenchmarks.Net8_EFCore8: DefaultJob
Runtime = .NET 10.0.0 (10.0.0, 10.0.25.52411), X64 RyuJIT x86-64-v3; GC = Concurrent Workstation
There are not any results runs

ApiBenchmarks.Net10_EFCore10: DefaultJob
Runtime = .NET 10.0.0 (10.0.0, 10.0.25.52411), X64 RyuJIT x86-64-v3; GC = Concurrent Workstation
There are not any results runs

// * Summary *

BenchmarkDotNet v0.15.8, Windows 11 (10.0.26100.7462/24H2/2024Update/HudsonValley)
Intel Core i5-6300U CPU 2.40GHz (Max: 2.50GHz) (Skylake), 1 CPU, 4 logical and 2 physical cores
.NET SDK 10.0.100
  [Host]     : .NET 10.0.0 (10.0.0, 10.0.25.52411), X64 RyuJIT x86-64-v3
  DefaultJob : .NET 10.0.0 (10.0.0, 10.0.25.52411), X64 RyuJIT x86-64-v3


| Method         | Mean | Error |
|--------------- |-----:|------:|
| Net8_EFCore8   |   NA |    NA |
| Net10_EFCore10 |   NA |    NA |

Benchmarks with issues:
  ApiBenchmarks.Net8_EFCore8: DefaultJob
  ApiBenchmarks.Net10_EFCore10: DefaultJob

// * Warnings *
Environment
  Summary -> Detected error exit code from one of the benchmarks. It might be caused by following antivirus software:
        - Windows Defender (windowsdefender://)
Use InProcessEmitToolchain or InProcessNoEmitToolchain to avoid new process creation.


// * Legends *
  Mean  : Arithmetic mean of all measurements
  Error : Half of 99.9% confidence interval
  1 ns  : 1 Nanosecond (0.000000001 sec)

// * Diagnostic Output - MemoryDiagnoser *


// ***** BenchmarkRunner: End *****
Run time: 00:00:14 (14.18 sec), executed benchmarks: 2

Global total time: 00:00:37 (37.4 sec), executed benchmarks: 2
// * Artifacts cleanup *
Artifacts cleanup is finished
